CRITICAL - 2026-05-29 11:09:10 --> Error: Undefined constant "CodeIgniter\Database\MySQLi\MYSQLI_STORE_RESULT"
[Method: GET, Route: /]
in SYSTEMPATH/Database/Database.php on line 147.
 1 SYSTEMPATH/Database/Database.php(61): CodeIgniter\Database\Database->initDriver()
 2 SYSTEMPATH/Database/Config.php(82): CodeIgniter\Database\Database->load()
 3 SYSTEMPATH/Model.php(152): CodeIgniter\Database\Config::connect()
 4 APPPATH/Controllers/Home.php(9): CodeIgniter\Model->__construct()
 5 SYSTEMPATH/CodeIgniter.php(974): App\Controllers\Home->index()
 6 SYSTEMPATH/CodeIgniter.php(520): CodeIgniter\CodeIgniter->runController()
 7 SYSTEMPATH/CodeIgniter.php(363): CodeIgniter\CodeIgniter->handleRequest()
 8 SYSTEMPATH/Boot.php(417): CodeIgniter\CodeIgniter->run()
 9 SYSTEMPATH/Boot.php(68): CodeIgniter\Boot::runCodeIgniter()
10 FCPATH/index.php(59): CodeIgniter\Boot::bootWeb()
11 SYSTEMPATH/rewrite.php(44): require_once('/mnt/c/laprak basdat/htdocs/Praktikum_Web_2/Modul 6/PRAK601/public/index.php')
CRITICAL - 2026-05-29 11:09:20 --> Error: Undefined constant "CodeIgniter\Database\MySQLi\MYSQLI_STORE_RESULT"
[Method: GET, Route: /]
in SYSTEMPATH/Database/Database.php on line 147.
 1 SYSTEMPATH/Database/Database.php(61): CodeIgniter\Database\Database->initDriver()
 2 SYSTEMPATH/Database/Config.php(82): CodeIgniter\Database\Database->load()
 3 SYSTEMPATH/Model.php(152): CodeIgniter\Database\Config::connect()
 4 APPPATH/Controllers/Home.php(9): CodeIgniter\Model->__construct()
 5 SYSTEMPATH/CodeIgniter.php(974): App\Controllers\Home->index()
 6 SYSTEMPATH/CodeIgniter.php(520): CodeIgniter\CodeIgniter->runController()
 7 SYSTEMPATH/CodeIgniter.php(363): CodeIgniter\CodeIgniter->handleRequest()
 8 SYSTEMPATH/Boot.php(417): CodeIgniter\CodeIgniter->run()
 9 SYSTEMPATH/Boot.php(68): CodeIgniter\Boot::runCodeIgniter()
10 FCPATH/index.php(59): CodeIgniter\Boot::bootWeb()
11 SYSTEMPATH/rewrite.php(44): require_once('/mnt/c/laprak basdat/htdocs/Praktikum_Web_2/Modul 6/PRAK601/public/index.php')
CRITICAL - 2026-05-29 11:11:31 --> Error: Undefined constant "CodeIgniter\Database\MySQLi\MYSQLI_STORE_RESULT"
[Method: GET, Route: /]
in SYSTEMPATH/Database/Database.php on line 147.
 1 SYSTEMPATH/Database/Database.php(61): CodeIgniter\Database\Database->initDriver()
 2 SYSTEMPATH/Database/Config.php(82): CodeIgniter\Database\Database->load()
 3 SYSTEMPATH/Model.php(152): CodeIgniter\Database\Config::connect()
 4 APPPATH/Controllers/Home.php(9): CodeIgniter\Model->__construct()
 5 SYSTEMPATH/CodeIgniter.php(974): App\Controllers\Home->index()
 6 SYSTEMPATH/CodeIgniter.php(520): CodeIgniter\CodeIgniter->runController()
 7 SYSTEMPATH/CodeIgniter.php(363): CodeIgniter\CodeIgniter->handleRequest()
 8 SYSTEMPATH/Boot.php(417): CodeIgniter\CodeIgniter->run()
 9 SYSTEMPATH/Boot.php(68): CodeIgniter\Boot::runCodeIgniter()
10 FCPATH/index.php(59): CodeIgniter\Boot::bootWeb()
11 SYSTEMPATH/rewrite.php(44): require_once('/mnt/c/laprak basdat/htdocs/Praktikum_Web_2/Modul 6/PRAK601/public/index.php')
CRITICAL - 2026-05-29 11:13:28 --> Error: Undefined constant "CodeIgniter\Database\MySQLi\MYSQLI_STORE_RESULT"
[Method: GET, Route: /]
in SYSTEMPATH/Database/Database.php on line 147.
 1 SYSTEMPATH/Database/Database.php(61): CodeIgniter\Database\Database->initDriver()
 2 SYSTEMPATH/Database/Config.php(82): CodeIgniter\Database\Database->load()
 3 SYSTEMPATH/Model.php(152): CodeIgniter\Database\Config::connect()
 4 APPPATH/Controllers/Home.php(9): CodeIgniter\Model->__construct()
 5 SYSTEMPATH/CodeIgniter.php(974): App\Controllers\Home->index()
 6 SYSTEMPATH/CodeIgniter.php(520): CodeIgniter\CodeIgniter->runController()
 7 SYSTEMPATH/CodeIgniter.php(363): CodeIgniter\CodeIgniter->handleRequest()
 8 SYSTEMPATH/Boot.php(417): CodeIgniter\CodeIgniter->run()
 9 SYSTEMPATH/Boot.php(68): CodeIgniter\Boot::runCodeIgniter()
10 FCPATH/index.php(59): CodeIgniter\Boot::bootWeb()
11 SYSTEMPATH/rewrite.php(44): require_once('/mnt/c/laprak basdat/htdocs/Praktikum_Web_2/Modul 6/PRAK601/public/index.php')
CRITICAL - 2026-05-29 11:16:39 --> Error: Undefined constant "CodeIgniter\Database\MySQLi\MYSQLI_STORE_RESULT"
[Method: GET, Route: /]
in SYSTEMPATH/Database/Database.php on line 147.
 1 SYSTEMPATH/Database/Database.php(61): CodeIgniter\Database\Database->initDriver()
 2 SYSTEMPATH/Database/Config.php(82): CodeIgniter\Database\Database->load()
 3 SYSTEMPATH/Model.php(152): CodeIgniter\Database\Config::connect()
 4 APPPATH/Controllers/Home.php(9): CodeIgniter\Model->__construct()
 5 SYSTEMPATH/CodeIgniter.php(974): App\Controllers\Home->index()
 6 SYSTEMPATH/CodeIgniter.php(520): CodeIgniter\CodeIgniter->runController()
 7 SYSTEMPATH/CodeIgniter.php(363): CodeIgniter\CodeIgniter->handleRequest()
 8 SYSTEMPATH/Boot.php(417): CodeIgniter\CodeIgniter->run()
 9 SYSTEMPATH/Boot.php(68): CodeIgniter\Boot::runCodeIgniter()
10 FCPATH/index.php(59): CodeIgniter\Boot::bootWeb()
11 SYSTEMPATH/rewrite.php(44): require_once('/mnt/c/laprak basdat/htdocs/Praktikum_Web_2/Modul 6/PRAK601/public/index.php')
CRITICAL - 2026-05-29 11:47:03 --> ErrorException: Undefined variable $prodi
[Method: GET, Route: /]
in APPPATH/Views/beranda.php on line 34.
 1 APPPATH/Views/beranda.php(34): CodeIgniter\Debug\Exceptions->errorHandler()
 2 SYSTEMPATH/View/View.php(240): include('/mnt/c/laprak basdat/htdocs/Praktikum_Web_2/Modul 6/PRAK601/app/Views/beranda.php')
 3 SYSTEMPATH/View/View.php(243): CodeIgniter\View\View->CodeIgniter\View\{closure}()
 4 SYSTEMPATH/Common.php(1254): CodeIgniter\View\View->render()
 5 APPPATH/Controllers/Home.php(11): view()
 6 SYSTEMPATH/CodeIgniter.php(974): App\Controllers\Home->index()
 7 SYSTEMPATH/CodeIgniter.php(520): CodeIgniter\CodeIgniter->runController()
 8 SYSTEMPATH/CodeIgniter.php(363): CodeIgniter\CodeIgniter->handleRequest()
 9 SYSTEMPATH/Boot.php(417): CodeIgniter\CodeIgniter->run()
10 SYSTEMPATH/Boot.php(68): CodeIgniter\Boot::runCodeIgniter()
11 FCPATH/index.php(59): CodeIgniter\Boot::bootWeb()
12 SYSTEMPATH/rewrite.php(44): require_once('/mnt/c/laprak basdat/htdocs/Praktikum_Web_2/Modul 6/PRAK601/public/index.php')
