CRITICAL - 2026-06-08 18:33:23 --> The framework needs the following extension(s) installed and loaded: intl.
in SYSTEMPATH\CodeIgniter.php on line 227.
 1 SYSTEMPATH\CodeIgniter.php(227): CodeIgniter\Exceptions\FrameworkException::forMissingExtension('intl')
 2 SYSTEMPATH\CodeIgniter.php(191): CodeIgniter\CodeIgniter->resolvePlatformExtensions()
 3 ROOTPATH\spark(83): CodeIgniter\CodeIgniter->initialize()
CRITICAL - 2026-06-08 18:33:55 --> The framework needs the following extension(s) installed and loaded: intl.
in SYSTEMPATH\CodeIgniter.php on line 227.
 1 SYSTEMPATH\CodeIgniter.php(227): CodeIgniter\Exceptions\FrameworkException::forMissingExtension('intl')
 2 SYSTEMPATH\CodeIgniter.php(191): CodeIgniter\CodeIgniter->resolvePlatformExtensions()
 3 ROOTPATH\spark(83): CodeIgniter\CodeIgniter->initialize()
CRITICAL - 2026-06-08 18:34:21 --> The framework needs the following extension(s) installed and loaded: intl.
in SYSTEMPATH\CodeIgniter.php on line 227.
 1 SYSTEMPATH\CodeIgniter.php(227): CodeIgniter\Exceptions\FrameworkException::forMissingExtension('intl')
 2 SYSTEMPATH\CodeIgniter.php(191): CodeIgniter\CodeIgniter->resolvePlatformExtensions()
 3 ROOTPATH\spark(83): CodeIgniter\CodeIgniter->initialize()
CRITICAL - 2026-06-08 18:37:20 --> The framework needs the following extension(s) installed and loaded: intl.
in SYSTEMPATH\CodeIgniter.php on line 227.
 1 SYSTEMPATH\CodeIgniter.php(227): CodeIgniter\Exceptions\FrameworkException::forMissingExtension('intl')
 2 SYSTEMPATH\CodeIgniter.php(191): CodeIgniter\CodeIgniter->resolvePlatformExtensions()
 3 ROOTPATH\spark(83): CodeIgniter\CodeIgniter->initialize()
CRITICAL - 2026-06-08 18:37:34 --> The framework needs the following extension(s) installed and loaded: intl.
in SYSTEMPATH\CodeIgniter.php on line 227.
 1 SYSTEMPATH\CodeIgniter.php(227): CodeIgniter\Exceptions\FrameworkException::forMissingExtension('intl')
 2 SYSTEMPATH\CodeIgniter.php(191): CodeIgniter\CodeIgniter->resolvePlatformExtensions()
 3 ROOTPATH\spark(83): CodeIgniter\CodeIgniter->initialize()
CRITICAL - 2026-06-08 18:37:42 --> The framework needs the following extension(s) installed and loaded: intl.
in SYSTEMPATH\CodeIgniter.php on line 227.
 1 SYSTEMPATH\CodeIgniter.php(227): CodeIgniter\Exceptions\FrameworkException::forMissingExtension('intl')
 2 SYSTEMPATH\CodeIgniter.php(191): CodeIgniter\CodeIgniter->resolvePlatformExtensions()
 3 ROOTPATH\spark(83): CodeIgniter\CodeIgniter->initialize()
ERROR - 2026-06-08 16:41:54 --> mysqli_sql_exception: Table 'buku' already exists in C:\laprak basdat\htdocs\Praktikum_Web_2\Modul 7\PRAK 701\system\Database\MySQLi\Connection.php:295
Stack trace:
#0 C:\laprak basdat\htdocs\Praktikum_Web_2\Modul 7\PRAK 701\system\Database\MySQLi\Connection.php(295): mysqli->query('CREATE TABLE `b...', 0)
#1 C:\laprak basdat\htdocs\Praktikum_Web_2\Modul 7\PRAK 701\system\Database\BaseConnection.php(692): CodeIgniter\Database\MySQLi\Connection->execute('CREATE TABLE `b...')
#2 C:\laprak basdat\htdocs\Praktikum_Web_2\Modul 7\PRAK 701\system\Database\BaseConnection.php(606): CodeIgniter\Database\BaseConnection->simpleQuery('CREATE TABLE `b...')
#3 C:\laprak basdat\htdocs\Praktikum_Web_2\Modul 7\PRAK 701\system\Database\Forge.php(546): CodeIgniter\Database\BaseConnection->query('CREATE TABLE `b...')
#4 C:\laprak basdat\htdocs\Praktikum_Web_2\Modul 7\PRAK 701\app\Database\Migrations\20260608000002_BuatTabelBuku.php(32): CodeIgniter\Database\Forge->createTable('buku')
#5 C:\laprak basdat\htdocs\Praktikum_Web_2\Modul 7\PRAK 701\system\Database\MigrationRunner.php(877): App\Database\Migrations\BuatTabelBuku->up()
#6 C:\laprak basdat\htdocs\Praktikum_Web_2\Modul 7\PRAK 701\system\Database\MigrationRunner.php(188): CodeIgniter\Database\MigrationRunner->migrate('up', Object(stdClass))
#7 C:\laprak basdat\htdocs\Praktikum_Web_2\Modul 7\PRAK 701\system\Commands\Database\Migrate.php(84): CodeIgniter\Database\MigrationRunner->latest(NULL)
#8 C:\laprak basdat\htdocs\Praktikum_Web_2\Modul 7\PRAK 701\system\CLI\Commands.php(65): CodeIgniter\Commands\Database\Migrate->run(Array)
#9 C:\laprak basdat\htdocs\Praktikum_Web_2\Modul 7\PRAK 701\system\CLI\Console.php(37): CodeIgniter\CLI\Commands->run('migrate', Array)
#10 C:\laprak basdat\htdocs\Praktikum_Web_2\Modul 7\PRAK 701\spark(97): CodeIgniter\CLI\Console->run()
#11 {main}
CRITICAL - 2026-06-08 16:43:19 --> "auth" filter must have a matching alias defined.
in SYSTEMPATH\Filters\Filters.php on line 340.
 1 SYSTEMPATH\Filters\Filters.php(340): CodeIgniter\Filters\Exceptions\FilterException::forNoAlias('auth')
 2 SYSTEMPATH\CodeIgniter.php(464): CodeIgniter\Filters\Filters->enableFilter('auth', 'before')
 3 SYSTEMPATH\CodeIgniter.php(366): CodeIgniter\CodeIgniter->handleRequest(null, Object(Config\Cache), false)
 4 FCPATH\index.php(67): CodeIgniter\CodeIgniter->run()
 5 SYSTEMPATH\Commands\Server\rewrite.php(47): require_once('C:\\laprak basdat\\htdocs\\Praktikum_Web_2\\Modul 7\\PRAK 701\\public\\index.php')
CRITICAL - 2026-06-08 16:46:05 --> "auth" filter must have a matching alias defined.
in SYSTEMPATH\Filters\Filters.php on line 340.
 1 SYSTEMPATH\Filters\Filters.php(340): CodeIgniter\Filters\Exceptions\FilterException::forNoAlias('auth')
 2 SYSTEMPATH\CodeIgniter.php(464): CodeIgniter\Filters\Filters->enableFilter('auth', 'before')
 3 SYSTEMPATH\CodeIgniter.php(366): CodeIgniter\CodeIgniter->handleRequest(null, Object(Config\Cache), false)
 4 FCPATH\index.php(67): CodeIgniter\CodeIgniter->run()
 5 SYSTEMPATH\Commands\Server\rewrite.php(47): require_once('C:\\laprak basdat\\htdocs\\Praktikum_Web_2\\Modul 7\\PRAK 701\\public\\index.php')
INFO - 2026-06-08 16:49:00 --> Session: Class initialized using 'CodeIgniter\Session\Handlers\FileHandler' driver.
INFO - 2026-06-08 16:50:42 --> Session: Class initialized using 'CodeIgniter\Session\Handlers\FileHandler' driver.
CRITICAL - 2026-06-08 16:50:42 --> Too few arguments to function CodeIgniter\View\View::renderSection(), 0 passed in C:\laprak basdat\htdocs\Praktikum_Web_2\Modul 7\PRAK 701\app\Views\auth\login.php on line 229 and exactly 1 expected
in SYSTEMPATH\View\View.php on line 431.
 1 APPPATH\Views\auth\login.php(229): CodeIgniter\View\View->renderSection()
 2 SYSTEMPATH\View\View.php(224): include('C:\\laprak basdat\\htdocs\\Praktikum_Web_2\\Modul 7\\PRAK 701\\app\\Views\\auth\\login.php')
 3 SYSTEMPATH\View\View.php(227): CodeIgniter\View\View->CodeIgniter\View\{closure}()
 4 SYSTEMPATH\Common.php(1176): CodeIgniter\View\View->render('auth/login', [], true)
 5 APPPATH\Controllers\Auth.php(9): view('auth/login')
 6 SYSTEMPATH\CodeIgniter.php(932): App\Controllers\Auth->index()
 7 SYSTEMPATH\CodeIgniter.php(497): CodeIgniter\CodeIgniter->runController(Object(App\Controllers\Auth))
 8 SYSTEMPATH\CodeIgniter.php(366): CodeIgniter\CodeIgniter->handleRequest(null, Object(Config\Cache), false)
 9 FCPATH\index.php(67): CodeIgniter\CodeIgniter->run()
10 SYSTEMPATH\Commands\Server\rewrite.php(47): require_once('C:\\laprak basdat\\htdocs\\Praktikum_Web_2\\Modul 7\\PRAK 701\\public\\index.php')
INFO - 2026-06-08 16:55:23 --> Session: Class initialized using 'CodeIgniter\Session\Handlers\FileHandler' driver.
CRITICAL - 2026-06-08 16:55:23 --> Too few arguments to function CodeIgniter\View\View::renderSection(), 0 passed in C:\laprak basdat\htdocs\Praktikum_Web_2\Modul 7\PRAK 701\app\Views\auth\login.php on line 229 and exactly 1 expected
in SYSTEMPATH\View\View.php on line 431.
 1 APPPATH\Views\auth\login.php(229): CodeIgniter\View\View->renderSection()
 2 SYSTEMPATH\View\View.php(224): include('C:\\laprak basdat\\htdocs\\Praktikum_Web_2\\Modul 7\\PRAK 701\\app\\Views\\auth\\login.php')
 3 SYSTEMPATH\View\View.php(227): CodeIgniter\View\View->CodeIgniter\View\{closure}()
 4 SYSTEMPATH\Common.php(1176): CodeIgniter\View\View->render('auth/login', [], true)
 5 APPPATH\Controllers\Auth.php(9): view('auth/login')
 6 SYSTEMPATH\CodeIgniter.php(932): App\Controllers\Auth->index()
 7 SYSTEMPATH\CodeIgniter.php(497): CodeIgniter\CodeIgniter->runController(Object(App\Controllers\Auth))
 8 SYSTEMPATH\CodeIgniter.php(366): CodeIgniter\CodeIgniter->handleRequest(null, Object(Config\Cache), false)
 9 FCPATH\index.php(67): CodeIgniter\CodeIgniter->run()
10 SYSTEMPATH\Commands\Server\rewrite.php(47): require_once('C:\\laprak basdat\\htdocs\\Praktikum_Web_2\\Modul 7\\PRAK 701\\public\\index.php')
INFO - 2026-06-08 16:55:25 --> Session: Class initialized using 'CodeIgniter\Session\Handlers\FileHandler' driver.
CRITICAL - 2026-06-08 16:55:25 --> Too few arguments to function CodeIgniter\View\View::renderSection(), 0 passed in C:\laprak basdat\htdocs\Praktikum_Web_2\Modul 7\PRAK 701\app\Views\auth\login.php on line 229 and exactly 1 expected
in SYSTEMPATH\View\View.php on line 431.
 1 APPPATH\Views\auth\login.php(229): CodeIgniter\View\View->renderSection()
 2 SYSTEMPATH\View\View.php(224): include('C:\\laprak basdat\\htdocs\\Praktikum_Web_2\\Modul 7\\PRAK 701\\app\\Views\\auth\\login.php')
 3 SYSTEMPATH\View\View.php(227): CodeIgniter\View\View->CodeIgniter\View\{closure}()
 4 SYSTEMPATH\Common.php(1176): CodeIgniter\View\View->render('auth/login', [], true)
 5 APPPATH\Controllers\Auth.php(9): view('auth/login')
 6 SYSTEMPATH\CodeIgniter.php(932): App\Controllers\Auth->index()
 7 SYSTEMPATH\CodeIgniter.php(497): CodeIgniter\CodeIgniter->runController(Object(App\Controllers\Auth))
 8 SYSTEMPATH\CodeIgniter.php(366): CodeIgniter\CodeIgniter->handleRequest(null, Object(Config\Cache), false)
 9 FCPATH\index.php(67): CodeIgniter\CodeIgniter->run()
10 SYSTEMPATH\Commands\Server\rewrite.php(47): require_once('C:\\laprak basdat\\htdocs\\Praktikum_Web_2\\Modul 7\\PRAK 701\\public\\index.php')
INFO - 2026-06-08 16:56:01 --> Session: Class initialized using 'CodeIgniter\Session\Handlers\FileHandler' driver.
INFO - 2026-06-08 16:59:05 --> Session: Class initialized using 'CodeIgniter\Session\Handlers\FileHandler' driver.
INFO - 2026-06-08 17:00:16 --> Session: Class initialized using 'CodeIgniter\Session\Handlers\FileHandler' driver.
INFO - 2026-06-08 17:00:16 --> Session: Class initialized using 'CodeIgniter\Session\Handlers\FileHandler' driver.
CRITICAL - 2026-06-08 17:00:16 --> Class "App\Models\BukuModel" not found
in APPPATH\Controllers\Buku.php on line 10.
 1 SYSTEMPATH\CodeIgniter.php(904): App\Controllers\Buku->__construct()
 2 SYSTEMPATH\CodeIgniter.php(488): CodeIgniter\CodeIgniter->createController()
 3 SYSTEMPATH\CodeIgniter.php(366): CodeIgniter\CodeIgniter->handleRequest(null, Object(Config\Cache), false)
 4 FCPATH\index.php(67): CodeIgniter\CodeIgniter->run()
 5 SYSTEMPATH\Commands\Server\rewrite.php(47): require_once('C:\\laprak basdat\\htdocs\\Praktikum_Web_2\\Modul 7\\PRAK 701\\public\\index.php')
INFO - 2026-06-08 17:05:18 --> Session: Class initialized using 'CodeIgniter\Session\Handlers\FileHandler' driver.
CRITICAL - 2026-06-08 17:05:19 --> Undefined array key "judul"
in APPPATH\Views\buku\index.php on line 25.
 1 APPPATH\Views\buku\index.php(25): CodeIgniter\Debug\Exceptions->errorHandler(2, 'Undefined array key "judul"', 'C:\\laprak basdat\\htdocs\\Praktikum_Web_2\\Modul 7\\PRAK 701\\app\\Views\\buku\\index.php', 25)
 2 SYSTEMPATH\View\View.php(224): include('C:\\laprak basdat\\htdocs\\Praktikum_Web_2\\Modul 7\\PRAK 701\\app\\Views\\buku\\index.php')
 3 SYSTEMPATH\View\View.php(227): CodeIgniter\View\View->CodeIgniter\View\{closure}()
 4 SYSTEMPATH\Common.php(1176): CodeIgniter\View\View->render('buku/index', [], true)
 5 APPPATH\Controllers\Buku.php(16): view('buku/index', [...])
 6 SYSTEMPATH\CodeIgniter.php(932): App\Controllers\Buku->index()
 7 SYSTEMPATH\CodeIgniter.php(497): CodeIgniter\CodeIgniter->runController(Object(App\Controllers\Buku))
 8 SYSTEMPATH\CodeIgniter.php(366): CodeIgniter\CodeIgniter->handleRequest(null, Object(Config\Cache), false)
 9 FCPATH\index.php(67): CodeIgniter\CodeIgniter->run()
10 SYSTEMPATH\Commands\Server\rewrite.php(47): require_once('C:\\laprak basdat\\htdocs\\Praktikum_Web_2\\Modul 7\\PRAK 701\\public\\index.php')
ERROR - 2026-06-08 17:07:12 --> mysqli_sql_exception: Table 'buku' already exists in C:\laprak basdat\htdocs\Praktikum_Web_2\Modul 7\PRAK 701\system\Database\MySQLi\Connection.php:295
Stack trace:
#0 C:\laprak basdat\htdocs\Praktikum_Web_2\Modul 7\PRAK 701\system\Database\MySQLi\Connection.php(295): mysqli->query('CREATE TABLE `b...', 0)
#1 C:\laprak basdat\htdocs\Praktikum_Web_2\Modul 7\PRAK 701\system\Database\BaseConnection.php(692): CodeIgniter\Database\MySQLi\Connection->execute('CREATE TABLE `b...')
#2 C:\laprak basdat\htdocs\Praktikum_Web_2\Modul 7\PRAK 701\system\Database\BaseConnection.php(606): CodeIgniter\Database\BaseConnection->simpleQuery('CREATE TABLE `b...')
#3 C:\laprak basdat\htdocs\Praktikum_Web_2\Modul 7\PRAK 701\system\Database\Forge.php(546): CodeIgniter\Database\BaseConnection->query('CREATE TABLE `b...')
#4 C:\laprak basdat\htdocs\Praktikum_Web_2\Modul 7\PRAK 701\app\Database\Migrations\20260608000002_BuatTabelBuku.php(32): CodeIgniter\Database\Forge->createTable('buku')
#5 C:\laprak basdat\htdocs\Praktikum_Web_2\Modul 7\PRAK 701\system\Database\MigrationRunner.php(877): App\Database\Migrations\BuatTabelBuku->up()
#6 C:\laprak basdat\htdocs\Praktikum_Web_2\Modul 7\PRAK 701\system\Database\MigrationRunner.php(188): CodeIgniter\Database\MigrationRunner->migrate('up', Object(stdClass))
#7 C:\laprak basdat\htdocs\Praktikum_Web_2\Modul 7\PRAK 701\system\Commands\Database\Migrate.php(84): CodeIgniter\Database\MigrationRunner->latest(NULL)
#8 C:\laprak basdat\htdocs\Praktikum_Web_2\Modul 7\PRAK 701\system\CLI\Commands.php(65): CodeIgniter\Commands\Database\Migrate->run(Array)
#9 C:\laprak basdat\htdocs\Praktikum_Web_2\Modul 7\PRAK 701\system\CLI\BaseCommand.php(115): CodeIgniter\CLI\Commands->run('migrate', Array)
#10 C:\laprak basdat\htdocs\Praktikum_Web_2\Modul 7\PRAK 701\system\Commands\Database\MigrateRefresh.php(85): CodeIgniter\CLI\BaseCommand->call('migrate', Array)
#11 C:\laprak basdat\htdocs\Praktikum_Web_2\Modul 7\PRAK 701\system\CLI\Commands.php(65): CodeIgniter\Commands\Database\MigrateRefresh->run(Array)
#12 C:\laprak basdat\htdocs\Praktikum_Web_2\Modul 7\PRAK 701\system\CLI\Console.php(37): CodeIgniter\CLI\Commands->run('migrate:refresh', Array)
#13 C:\laprak basdat\htdocs\Praktikum_Web_2\Modul 7\PRAK 701\spark(97): CodeIgniter\CLI\Console->run()
#14 {main}
INFO - 2026-06-08 17:10:32 --> Session: Class initialized using 'CodeIgniter\Session\Handlers\FileHandler' driver.
CRITICAL - 2026-06-08 17:10:34 --> Undefined array key "judul"
in APPPATH\Views\buku\index.php on line 25.
 1 APPPATH\Views\buku\index.php(25): CodeIgniter\Debug\Exceptions->errorHandler(2, 'Undefined array key "judul"', 'C:\\laprak basdat\\htdocs\\Praktikum_Web_2\\Modul 7\\PRAK 701\\app\\Views\\buku\\index.php', 25)
 2 SYSTEMPATH\View\View.php(224): include('C:\\laprak basdat\\htdocs\\Praktikum_Web_2\\Modul 7\\PRAK 701\\app\\Views\\buku\\index.php')
 3 SYSTEMPATH\View\View.php(227): CodeIgniter\View\View->CodeIgniter\View\{closure}()
 4 SYSTEMPATH\Common.php(1176): CodeIgniter\View\View->render('buku/index', [], true)
 5 APPPATH\Controllers\Buku.php(16): view('buku/index', [...])
 6 SYSTEMPATH\CodeIgniter.php(932): App\Controllers\Buku->index()
 7 SYSTEMPATH\CodeIgniter.php(497): CodeIgniter\CodeIgniter->runController(Object(App\Controllers\Buku))
 8 SYSTEMPATH\CodeIgniter.php(366): CodeIgniter\CodeIgniter->handleRequest(null, Object(Config\Cache), false)
 9 FCPATH\index.php(67): CodeIgniter\CodeIgniter->run()
10 SYSTEMPATH\Commands\Server\rewrite.php(47): require_once('C:\\laprak basdat\\htdocs\\Praktikum_Web_2\\Modul 7\\PRAK 701\\public\\index.php')
ERROR - 2026-06-08 17:12:36 --> mysqli_sql_exception: Table 'buku' already exists in C:\laprak basdat\htdocs\Praktikum_Web_2\Modul 7\PRAK 701\system\Database\MySQLi\Connection.php:295
Stack trace:
#0 C:\laprak basdat\htdocs\Praktikum_Web_2\Modul 7\PRAK 701\system\Database\MySQLi\Connection.php(295): mysqli->query('CREATE TABLE `b...', 0)
#1 C:\laprak basdat\htdocs\Praktikum_Web_2\Modul 7\PRAK 701\system\Database\BaseConnection.php(692): CodeIgniter\Database\MySQLi\Connection->execute('CREATE TABLE `b...')
#2 C:\laprak basdat\htdocs\Praktikum_Web_2\Modul 7\PRAK 701\system\Database\BaseConnection.php(606): CodeIgniter\Database\BaseConnection->simpleQuery('CREATE TABLE `b...')
#3 C:\laprak basdat\htdocs\Praktikum_Web_2\Modul 7\PRAK 701\system\Database\Forge.php(546): CodeIgniter\Database\BaseConnection->query('CREATE TABLE `b...')
#4 C:\laprak basdat\htdocs\Praktikum_Web_2\Modul 7\PRAK 701\app\Database\Migrations\20260608000002_BuatTabelBuku.php(32): CodeIgniter\Database\Forge->createTable('buku')
#5 C:\laprak basdat\htdocs\Praktikum_Web_2\Modul 7\PRAK 701\system\Database\MigrationRunner.php(877): App\Database\Migrations\BuatTabelBuku->up()
#6 C:\laprak basdat\htdocs\Praktikum_Web_2\Modul 7\PRAK 701\system\Database\MigrationRunner.php(188): CodeIgniter\Database\MigrationRunner->migrate('up', Object(stdClass))
#7 C:\laprak basdat\htdocs\Praktikum_Web_2\Modul 7\PRAK 701\system\Commands\Database\Migrate.php(84): CodeIgniter\Database\MigrationRunner->latest(NULL)
#8 C:\laprak basdat\htdocs\Praktikum_Web_2\Modul 7\PRAK 701\system\CLI\Commands.php(65): CodeIgniter\Commands\Database\Migrate->run(Array)
#9 C:\laprak basdat\htdocs\Praktikum_Web_2\Modul 7\PRAK 701\system\CLI\BaseCommand.php(115): CodeIgniter\CLI\Commands->run('migrate', Array)
#10 C:\laprak basdat\htdocs\Praktikum_Web_2\Modul 7\PRAK 701\system\Commands\Database\MigrateRefresh.php(85): CodeIgniter\CLI\BaseCommand->call('migrate', Array)
#11 C:\laprak basdat\htdocs\Praktikum_Web_2\Modul 7\PRAK 701\system\CLI\Commands.php(65): CodeIgniter\Commands\Database\MigrateRefresh->run(Array)
#12 C:\laprak basdat\htdocs\Praktikum_Web_2\Modul 7\PRAK 701\system\CLI\Console.php(37): CodeIgniter\CLI\Commands->run('migrate:refresh', Array)
#13 C:\laprak basdat\htdocs\Praktikum_Web_2\Modul 7\PRAK 701\spark(97): CodeIgniter\CLI\Console->run()
#14 {main}
ERROR - 2026-06-08 17:12:56 --> mysqli_sql_exception: Table 'buku' already exists in C:\laprak basdat\htdocs\Praktikum_Web_2\Modul 7\PRAK 701\system\Database\MySQLi\Connection.php:295
Stack trace:
#0 C:\laprak basdat\htdocs\Praktikum_Web_2\Modul 7\PRAK 701\system\Database\MySQLi\Connection.php(295): mysqli->query('CREATE TABLE `b...', 0)
#1 C:\laprak basdat\htdocs\Praktikum_Web_2\Modul 7\PRAK 701\system\Database\BaseConnection.php(692): CodeIgniter\Database\MySQLi\Connection->execute('CREATE TABLE `b...')
#2 C:\laprak basdat\htdocs\Praktikum_Web_2\Modul 7\PRAK 701\system\Database\BaseConnection.php(606): CodeIgniter\Database\BaseConnection->simpleQuery('CREATE TABLE `b...')
#3 C:\laprak basdat\htdocs\Praktikum_Web_2\Modul 7\PRAK 701\system\Database\Forge.php(546): CodeIgniter\Database\BaseConnection->query('CREATE TABLE `b...')
#4 C:\laprak basdat\htdocs\Praktikum_Web_2\Modul 7\PRAK 701\app\Database\Migrations\20260608000002_BuatTabelBuku.php(32): CodeIgniter\Database\Forge->createTable('buku')
#5 C:\laprak basdat\htdocs\Praktikum_Web_2\Modul 7\PRAK 701\system\Database\MigrationRunner.php(877): App\Database\Migrations\BuatTabelBuku->up()
#6 C:\laprak basdat\htdocs\Praktikum_Web_2\Modul 7\PRAK 701\system\Database\MigrationRunner.php(188): CodeIgniter\Database\MigrationRunner->migrate('up', Object(stdClass))
#7 C:\laprak basdat\htdocs\Praktikum_Web_2\Modul 7\PRAK 701\system\Commands\Database\Migrate.php(84): CodeIgniter\Database\MigrationRunner->latest(NULL)
#8 C:\laprak basdat\htdocs\Praktikum_Web_2\Modul 7\PRAK 701\system\CLI\Commands.php(65): CodeIgniter\Commands\Database\Migrate->run(Array)
#9 C:\laprak basdat\htdocs\Praktikum_Web_2\Modul 7\PRAK 701\system\CLI\BaseCommand.php(115): CodeIgniter\CLI\Commands->run('migrate', Array)
#10 C:\laprak basdat\htdocs\Praktikum_Web_2\Modul 7\PRAK 701\system\Commands\Database\MigrateRefresh.php(85): CodeIgniter\CLI\BaseCommand->call('migrate', Array)
#11 C:\laprak basdat\htdocs\Praktikum_Web_2\Modul 7\PRAK 701\system\CLI\Commands.php(65): CodeIgniter\Commands\Database\MigrateRefresh->run(Array)
#12 C:\laprak basdat\htdocs\Praktikum_Web_2\Modul 7\PRAK 701\system\CLI\Console.php(37): CodeIgniter\CLI\Commands->run('migrate:refresh', Array)
#13 C:\laprak basdat\htdocs\Praktikum_Web_2\Modul 7\PRAK 701\spark(97): CodeIgniter\CLI\Console->run()
#14 {main}
INFO - 2026-06-08 17:13:16 --> Session: Class initialized using 'CodeIgniter\Session\Handlers\FileHandler' driver.
CRITICAL - 2026-06-08 17:13:17 --> Undefined array key "judul"
in APPPATH\Views\buku\index.php on line 25.
 1 APPPATH\Views\buku\index.php(25): CodeIgniter\Debug\Exceptions->errorHandler(2, 'Undefined array key "judul"', 'C:\\laprak basdat\\htdocs\\Praktikum_Web_2\\Modul 7\\PRAK 701\\app\\Views\\buku\\index.php', 25)
 2 SYSTEMPATH\View\View.php(224): include('C:\\laprak basdat\\htdocs\\Praktikum_Web_2\\Modul 7\\PRAK 701\\app\\Views\\buku\\index.php')
 3 SYSTEMPATH\View\View.php(227): CodeIgniter\View\View->CodeIgniter\View\{closure}()
 4 SYSTEMPATH\Common.php(1176): CodeIgniter\View\View->render('buku/index', [], true)
 5 APPPATH\Controllers\Buku.php(16): view('buku/index', [...])
 6 SYSTEMPATH\CodeIgniter.php(932): App\Controllers\Buku->index()
 7 SYSTEMPATH\CodeIgniter.php(497): CodeIgniter\CodeIgniter->runController(Object(App\Controllers\Buku))
 8 SYSTEMPATH\CodeIgniter.php(366): CodeIgniter\CodeIgniter->handleRequest(null, Object(Config\Cache), false)
 9 FCPATH\index.php(67): CodeIgniter\CodeIgniter->run()
10 SYSTEMPATH\Commands\Server\rewrite.php(47): require_once('C:\\laprak basdat\\htdocs\\Praktikum_Web_2\\Modul 7\\PRAK 701\\public\\index.php')
INFO - 2026-06-08 17:13:20 --> Session: Class initialized using 'CodeIgniter\Session\Handlers\FileHandler' driver.
CRITICAL - 2026-06-08 17:13:21 --> Undefined array key "judul"
in APPPATH\Views\buku\index.php on line 25.
 1 APPPATH\Views\buku\index.php(25): CodeIgniter\Debug\Exceptions->errorHandler(2, 'Undefined array key "judul"', 'C:\\laprak basdat\\htdocs\\Praktikum_Web_2\\Modul 7\\PRAK 701\\app\\Views\\buku\\index.php', 25)
 2 SYSTEMPATH\View\View.php(224): include('C:\\laprak basdat\\htdocs\\Praktikum_Web_2\\Modul 7\\PRAK 701\\app\\Views\\buku\\index.php')
 3 SYSTEMPATH\View\View.php(227): CodeIgniter\View\View->CodeIgniter\View\{closure}()
 4 SYSTEMPATH\Common.php(1176): CodeIgniter\View\View->render('buku/index', [], true)
 5 APPPATH\Controllers\Buku.php(16): view('buku/index', [...])
 6 SYSTEMPATH\CodeIgniter.php(932): App\Controllers\Buku->index()
 7 SYSTEMPATH\CodeIgniter.php(497): CodeIgniter\CodeIgniter->runController(Object(App\Controllers\Buku))
 8 SYSTEMPATH\CodeIgniter.php(366): CodeIgniter\CodeIgniter->handleRequest(null, Object(Config\Cache), false)
 9 FCPATH\index.php(67): CodeIgniter\CodeIgniter->run()
10 SYSTEMPATH\Commands\Server\rewrite.php(47): require_once('C:\\laprak basdat\\htdocs\\Praktikum_Web_2\\Modul 7\\PRAK 701\\public\\index.php')
