ERROR - 2026-06-09 14:28:02 --> mysqli_sql_exception: Table 'buku' already exists in C:\laprak basdat\htdocs\Praktikum_Web_2\Modul 7\PRAK 701\system\Database\MySQLi\Connection.php:295
Stack trace:
#0 C:\laprak basdat\htdocs\Praktikum_Web_2\Modul 7\PRAK 701\system\Database\MySQLi\Connection.php(295): mysqli->query('CREATE TABLE `b...', 0)
#1 C:\laprak basdat\htdocs\Praktikum_Web_2\Modul 7\PRAK 701\system\Database\BaseConnection.php(692): CodeIgniter\Database\MySQLi\Connection->execute('CREATE TABLE `b...')
#2 C:\laprak basdat\htdocs\Praktikum_Web_2\Modul 7\PRAK 701\system\Database\BaseConnection.php(606): CodeIgniter\Database\BaseConnection->simpleQuery('CREATE TABLE `b...')
#3 C:\laprak basdat\htdocs\Praktikum_Web_2\Modul 7\PRAK 701\system\Database\Forge.php(546): CodeIgniter\Database\BaseConnection->query('CREATE TABLE `b...')
#4 C:\laprak basdat\htdocs\Praktikum_Web_2\Modul 7\PRAK 701\app\Database\Migrations\20260608000002_BuatTabelBuku.php(32): CodeIgniter\Database\Forge->createTable('buku')
#5 C:\laprak basdat\htdocs\Praktikum_Web_2\Modul 7\PRAK 701\system\Database\MigrationRunner.php(877): App\Database\Migrations\BuatTabelBuku->up()
#6 C:\laprak basdat\htdocs\Praktikum_Web_2\Modul 7\PRAK 701\system\Database\MigrationRunner.php(188): CodeIgniter\Database\MigrationRunner->migrate('up', Object(stdClass))
#7 C:\laprak basdat\htdocs\Praktikum_Web_2\Modul 7\PRAK 701\system\Commands\Database\Migrate.php(84): CodeIgniter\Database\MigrationRunner->latest(NULL)
#8 C:\laprak basdat\htdocs\Praktikum_Web_2\Modul 7\PRAK 701\system\CLI\Commands.php(65): CodeIgniter\Commands\Database\Migrate->run(Array)
#9 C:\laprak basdat\htdocs\Praktikum_Web_2\Modul 7\PRAK 701\system\CLI\Console.php(37): CodeIgniter\CLI\Commands->run('migrate', Array)
#10 C:\laprak basdat\htdocs\Praktikum_Web_2\Modul 7\PRAK 701\spark(97): CodeIgniter\CLI\Console->run()
#11 {main}
INFO - 2026-06-09 14:30:50 --> Session: Class initialized using 'CodeIgniter\Session\Handlers\FileHandler' driver.
INFO - 2026-06-09 14:30:50 --> Session: Class initialized using 'CodeIgniter\Session\Handlers\FileHandler' driver.
INFO - 2026-06-09 14:31:13 --> Session: Class initialized using 'CodeIgniter\Session\Handlers\FileHandler' driver.
INFO - 2026-06-09 14:31:28 --> Session: Class initialized using 'CodeIgniter\Session\Handlers\FileHandler' driver.
INFO - 2026-06-09 14:31:28 --> Session: Class initialized using 'CodeIgniter\Session\Handlers\FileHandler' driver.
CRITICAL - 2026-06-09 14:31:29 --> Undefined array key "judul"
in APPPATH\Views\buku\index.php on line 25.
 1 APPPATH\Views\buku\index.php(25): CodeIgniter\Debug\Exceptions->errorHandler(2, 'Undefined array key "judul"', 'C:\\laprak basdat\\htdocs\\Praktikum_Web_2\\Modul 7\\PRAK 701\\app\\Views\\buku\\index.php', 25)
 2 SYSTEMPATH\View\View.php(224): include('C:\\laprak basdat\\htdocs\\Praktikum_Web_2\\Modul 7\\PRAK 701\\app\\Views\\buku\\index.php')
 3 SYSTEMPATH\View\View.php(227): CodeIgniter\View\View->CodeIgniter\View\{closure}()
 4 SYSTEMPATH\Common.php(1176): CodeIgniter\View\View->render('buku/index', [], true)
 5 APPPATH\Controllers\Buku.php(16): view('buku/index', [...])
 6 SYSTEMPATH\CodeIgniter.php(932): App\Controllers\Buku->index()
 7 SYSTEMPATH\CodeIgniter.php(497): CodeIgniter\CodeIgniter->runController(Object(App\Controllers\Buku))
 8 SYSTEMPATH\CodeIgniter.php(366): CodeIgniter\CodeIgniter->handleRequest(null, Object(Config\Cache), false)
 9 FCPATH\index.php(67): CodeIgniter\CodeIgniter->run()
10 SYSTEMPATH\Commands\Server\rewrite.php(47): require_once('C:\\laprak basdat\\htdocs\\Praktikum_Web_2\\Modul 7\\PRAK 701\\public\\index.php')
INFO - 2026-06-09 14:34:32 --> Session: Class initialized using 'CodeIgniter\Session\Handlers\FileHandler' driver.
CRITICAL - 2026-06-09 14:34:34 --> Call to a member function dropTable() on null
in APPPATH\Controllers\Buku.php on line 24.
 1 SYSTEMPATH\CodeIgniter.php(932): App\Controllers\Buku->index()
 2 SYSTEMPATH\CodeIgniter.php(497): CodeIgniter\CodeIgniter->runController(Object(App\Controllers\Buku))
 3 SYSTEMPATH\CodeIgniter.php(366): CodeIgniter\CodeIgniter->handleRequest(null, Object(Config\Cache), false)
 4 FCPATH\index.php(67): CodeIgniter\CodeIgniter->run()
 5 SYSTEMPATH\Commands\Server\rewrite.php(47): require_once('C:\\laprak basdat\\htdocs\\Praktikum_Web_2\\Modul 7\\PRAK 701\\public\\index.php')
INFO - 2026-06-09 14:36:20 --> Session: Class initialized using 'CodeIgniter\Session\Handlers\FileHandler' driver.
ERROR - 2026-06-09 14:36:22 --> mysqli_sql_exception: Cannot add foreign key constraint in C:\laprak basdat\htdocs\Praktikum_Web_2\Modul 7\PRAK 701\system\Database\MySQLi\Connection.php:295
Stack trace:
#0 C:\laprak basdat\htdocs\Praktikum_Web_2\Modul 7\PRAK 701\system\Database\MySQLi\Connection.php(295): mysqli->query('CREATE TABLE `b...', 0)
#1 C:\laprak basdat\htdocs\Praktikum_Web_2\Modul 7\PRAK 701\system\Database\BaseConnection.php(692): CodeIgniter\Database\MySQLi\Connection->execute('CREATE TABLE `b...')
#2 C:\laprak basdat\htdocs\Praktikum_Web_2\Modul 7\PRAK 701\system\Database\BaseConnection.php(606): CodeIgniter\Database\BaseConnection->simpleQuery('CREATE TABLE `b...')
#3 C:\laprak basdat\htdocs\Praktikum_Web_2\Modul 7\PRAK 701\system\Database\Forge.php(546): CodeIgniter\Database\BaseConnection->query('CREATE TABLE `b...')
#4 C:\laprak basdat\htdocs\Praktikum_Web_2\Modul 7\PRAK 701\app\Controllers\Buku.php(48): CodeIgniter\Database\Forge->createTable('buku')
#5 C:\laprak basdat\htdocs\Praktikum_Web_2\Modul 7\PRAK 701\system\CodeIgniter.php(932): App\Controllers\Buku->index()
#6 C:\laprak basdat\htdocs\Praktikum_Web_2\Modul 7\PRAK 701\system\CodeIgniter.php(497): CodeIgniter\CodeIgniter->runController(Object(App\Controllers\Buku))
#7 C:\laprak basdat\htdocs\Praktikum_Web_2\Modul 7\PRAK 701\system\CodeIgniter.php(366): CodeIgniter\CodeIgniter->handleRequest(NULL, Object(Config\Cache), false)
#8 C:\laprak basdat\htdocs\Praktikum_Web_2\Modul 7\PRAK 701\public\index.php(67): CodeIgniter\CodeIgniter->run()
#9 C:\laprak basdat\htdocs\Praktikum_Web_2\Modul 7\PRAK 701\system\Commands\Server\rewrite.php(47): require_once('C:\\laprak basda...')
#10 {main}
CRITICAL - 2026-06-09 14:36:22 --> Cannot add foreign key constraint
in SYSTEMPATH\Database\MySQLi\Connection.php on line 295.
 1 SYSTEMPATH\Database\MySQLi\Connection.php(295): mysqli->query('CREATE TABLE `buku` (
	`id` BIGINT UNSIGNED NOT NULL AUTO_INCREMENT,
	`judul` VARCHAR(255) NOT NULL,
	`penulis` VARCHAR(255) NOT NULL,
	`penerbit` VARCHAR(255) NOT NULL,
	`tahun_terbit` YEAR NOT NULL,
	CONSTRAINT `pk_buku` PRIMARY KEY(`id`)
) DEFAULT CHARACTER SET = utf8 COLLATE = utf8_general_ci', 0)
 2 SYSTEMPATH\Database\BaseConnection.php(692): CodeIgniter\Database\MySQLi\Connection->execute('CREATE TABLE `buku` (
	`id` BIGINT UNSIGNED NOT NULL AUTO_INCREMENT,
	`judul` VARCHAR(255) NOT NULL,
	`penulis` VARCHAR(255) NOT NULL,
	`penerbit` VARCHAR(255) NOT NULL,
	`tahun_terbit` YEAR NOT NULL,
	CONSTRAINT `pk_buku` PRIMARY KEY(`id`)
) DEFAULT CHARACTER SET = utf8 COLLATE = utf8_general_ci')
 3 SYSTEMPATH\Database\BaseConnection.php(606): CodeIgniter\Database\BaseConnection->simpleQuery('CREATE TABLE `buku` (
	`id` BIGINT UNSIGNED NOT NULL AUTO_INCREMENT,
	`judul` VARCHAR(255) NOT NULL,
	`penulis` VARCHAR(255) NOT NULL,
	`penerbit` VARCHAR(255) NOT NULL,
	`tahun_terbit` YEAR NOT NULL,
	CONSTRAINT `pk_buku` PRIMARY KEY(`id`)
) DEFAULT CHARACTER SET = utf8 COLLATE = utf8_general_ci')
 4 SYSTEMPATH\Database\Forge.php(546): CodeIgniter\Database\BaseConnection->query('CREATE TABLE `buku` (
	`id` BIGINT UNSIGNED NOT NULL AUTO_INCREMENT,
	`judul` VARCHAR(255) NOT NULL,
	`penulis` VARCHAR(255) NOT NULL,
	`penerbit` VARCHAR(255) NOT NULL,
	`tahun_terbit` YEAR NOT NULL,
	CONSTRAINT `pk_buku` PRIMARY KEY(`id`)
) DEFAULT CHARACTER SET = utf8 COLLATE = utf8_general_ci')
 5 APPPATH\Controllers\Buku.php(48): CodeIgniter\Database\Forge->createTable('buku')
 6 SYSTEMPATH\CodeIgniter.php(932): App\Controllers\Buku->index()
 7 SYSTEMPATH\CodeIgniter.php(497): CodeIgniter\CodeIgniter->runController(Object(App\Controllers\Buku))
 8 SYSTEMPATH\CodeIgniter.php(366): CodeIgniter\CodeIgniter->handleRequest(null, Object(Config\Cache), false)
 9 FCPATH\index.php(67): CodeIgniter\CodeIgniter->run()
10 SYSTEMPATH\Commands\Server\rewrite.php(47): require_once('C:\\laprak basdat\\htdocs\\Praktikum_Web_2\\Modul 7\\PRAK 701\\public\\index.php')
INFO - 2026-06-09 14:39:28 --> Session: Class initialized using 'CodeIgniter\Session\Handlers\FileHandler' driver.
ERROR - 2026-06-09 14:39:30 --> mysqli_sql_exception: Table 'bt2ibfusmhlviamfvibw.buku' doesn't exist in C:\laprak basdat\htdocs\Praktikum_Web_2\Modul 7\PRAK 701\system\Database\MySQLi\Connection.php:295
Stack trace:
#0 C:\laprak basdat\htdocs\Praktikum_Web_2\Modul 7\PRAK 701\system\Database\MySQLi\Connection.php(295): mysqli->query('SHOW COLUMNS FR...', 0)
#1 C:\laprak basdat\htdocs\Praktikum_Web_2\Modul 7\PRAK 701\system\Database\BaseConnection.php(692): CodeIgniter\Database\MySQLi\Connection->execute('SHOW COLUMNS FR...')
#2 C:\laprak basdat\htdocs\Praktikum_Web_2\Modul 7\PRAK 701\system\Database\BaseConnection.php(606): CodeIgniter\Database\BaseConnection->simpleQuery('SHOW COLUMNS FR...')
#3 C:\laprak basdat\htdocs\Praktikum_Web_2\Modul 7\PRAK 701\system\Database\BaseConnection.php(1485): CodeIgniter\Database\BaseConnection->query('SHOW COLUMNS FR...')
#4 C:\laprak basdat\htdocs\Praktikum_Web_2\Modul 7\PRAK 701\system\Database\BaseConnection.php(1513): CodeIgniter\Database\BaseConnection->getFieldNames('buku')
#5 C:\laprak basdat\htdocs\Praktikum_Web_2\Modul 7\PRAK 701\app\Controllers\Buku.php(22): CodeIgniter\Database\BaseConnection->fieldExists('judul', 'buku')
#6 C:\laprak basdat\htdocs\Praktikum_Web_2\Modul 7\PRAK 701\system\CodeIgniter.php(932): App\Controllers\Buku->index()
#7 C:\laprak basdat\htdocs\Praktikum_Web_2\Modul 7\PRAK 701\system\CodeIgniter.php(497): CodeIgniter\CodeIgniter->runController(Object(App\Controllers\Buku))
#8 C:\laprak basdat\htdocs\Praktikum_Web_2\Modul 7\PRAK 701\system\CodeIgniter.php(366): CodeIgniter\CodeIgniter->handleRequest(NULL, Object(Config\Cache), false)
#9 C:\laprak basdat\htdocs\Praktikum_Web_2\Modul 7\PRAK 701\public\index.php(67): CodeIgniter\CodeIgniter->run()
#10 C:\laprak basdat\htdocs\Praktikum_Web_2\Modul 7\PRAK 701\system\Commands\Server\rewrite.php(47): require_once('C:\\laprak basda...')
#11 {main}
CRITICAL - 2026-06-09 14:39:30 --> Table 'bt2ibfusmhlviamfvibw.buku' doesn't exist
in SYSTEMPATH\Database\MySQLi\Connection.php on line 295.
 1 SYSTEMPATH\Database\MySQLi\Connection.php(295): mysqli->query('SHOW COLUMNS FROM `buku`', 0)
 2 SYSTEMPATH\Database\BaseConnection.php(692): CodeIgniter\Database\MySQLi\Connection->execute('SHOW COLUMNS FROM `buku`')
 3 SYSTEMPATH\Database\BaseConnection.php(606): CodeIgniter\Database\BaseConnection->simpleQuery('SHOW COLUMNS FROM `buku`')
 4 SYSTEMPATH\Database\BaseConnection.php(1485): CodeIgniter\Database\BaseConnection->query('SHOW COLUMNS FROM `buku`')
 5 SYSTEMPATH\Database\BaseConnection.php(1513): CodeIgniter\Database\BaseConnection->getFieldNames('buku')
 6 APPPATH\Controllers\Buku.php(22): CodeIgniter\Database\BaseConnection->fieldExists('judul', 'buku')
 7 SYSTEMPATH\CodeIgniter.php(932): App\Controllers\Buku->index()
 8 SYSTEMPATH\CodeIgniter.php(497): CodeIgniter\CodeIgniter->runController(Object(App\Controllers\Buku))
 9 SYSTEMPATH\CodeIgniter.php(366): CodeIgniter\CodeIgniter->handleRequest(null, Object(Config\Cache), false)
10 FCPATH\index.php(67): CodeIgniter\CodeIgniter->run()
11 SYSTEMPATH\Commands\Server\rewrite.php(47): require_once('C:\\laprak basdat\\htdocs\\Praktikum_Web_2\\Modul 7\\PRAK 701\\public\\index.php')
INFO - 2026-06-09 14:43:25 --> Session: Class initialized using 'CodeIgniter\Session\Handlers\FileHandler' driver.
ERROR - 2026-06-09 14:43:27 --> mysqli_sql_exception: Failed to add the foreign key constraint. Missing column 'id_buku' for constraint 'peminjaman_ibfk_2' in the referenced table 'buku' in C:\laprak basdat\htdocs\Praktikum_Web_2\Modul 7\PRAK 701\system\Database\MySQLi\Connection.php:295
Stack trace:
#0 C:\laprak basdat\htdocs\Praktikum_Web_2\Modul 7\PRAK 701\system\Database\MySQLi\Connection.php(295): mysqli->query('CREATE TABLE `b...', 0)
#1 C:\laprak basdat\htdocs\Praktikum_Web_2\Modul 7\PRAK 701\system\Database\BaseConnection.php(692): CodeIgniter\Database\MySQLi\Connection->execute('CREATE TABLE `b...')
#2 C:\laprak basdat\htdocs\Praktikum_Web_2\Modul 7\PRAK 701\system\Database\BaseConnection.php(606): CodeIgniter\Database\BaseConnection->simpleQuery('CREATE TABLE `b...')
#3 C:\laprak basdat\htdocs\Praktikum_Web_2\Modul 7\PRAK 701\app\Controllers\Buku.php(25): CodeIgniter\Database\BaseConnection->query('CREATE TABLE `b...')
#4 C:\laprak basdat\htdocs\Praktikum_Web_2\Modul 7\PRAK 701\system\CodeIgniter.php(932): App\Controllers\Buku->index()
#5 C:\laprak basdat\htdocs\Praktikum_Web_2\Modul 7\PRAK 701\system\CodeIgniter.php(497): CodeIgniter\CodeIgniter->runController(Object(App\Controllers\Buku))
#6 C:\laprak basdat\htdocs\Praktikum_Web_2\Modul 7\PRAK 701\system\CodeIgniter.php(366): CodeIgniter\CodeIgniter->handleRequest(NULL, Object(Config\Cache), false)
#7 C:\laprak basdat\htdocs\Praktikum_Web_2\Modul 7\PRAK 701\public\index.php(67): CodeIgniter\CodeIgniter->run()
#8 C:\laprak basdat\htdocs\Praktikum_Web_2\Modul 7\PRAK 701\system\Commands\Server\rewrite.php(47): require_once('C:\\laprak basda...')
#9 {main}
CRITICAL - 2026-06-09 14:43:27 --> Failed to add the foreign key constraint. Missing column 'id_buku' for constraint 'peminjaman_ibfk_2' in the referenced table 'buku'
in SYSTEMPATH\Database\MySQLi\Connection.php on line 295.
 1 SYSTEMPATH\Database\MySQLi\Connection.php(295): mysqli->query('CREATE TABLE `buku` (
                `id` BIGINT UNSIGNED NOT NULL AUTO_INCREMENT,
                `judul` VARCHAR(255) NOT NULL,
                `penulis` VARCHAR(255) NOT NULL,
                `penerbit` VARCHAR(255) NOT NULL,
                `tahun_terbit` YEAR NOT NULL,
                PRIMARY KEY (`id`)
            ) ENGINE=InnoDB DEFAULT CHARSET=utf8', 0)
 2 SYSTEMPATH\Database\BaseConnection.php(692): CodeIgniter\Database\MySQLi\Connection->execute('CREATE TABLE `buku` (
                `id` BIGINT UNSIGNED NOT NULL AUTO_INCREMENT,
                `judul` VARCHAR(255) NOT NULL,
                `penulis` VARCHAR(255) NOT NULL,
                `penerbit` VARCHAR(255) NOT NULL,
                `tahun_terbit` YEAR NOT NULL,
                PRIMARY KEY (`id`)
            ) ENGINE=InnoDB DEFAULT CHARSET=utf8')
 3 SYSTEMPATH\Database\BaseConnection.php(606): CodeIgniter\Database\BaseConnection->simpleQuery('CREATE TABLE `buku` (
                `id` BIGINT UNSIGNED NOT NULL AUTO_INCREMENT,
                `judul` VARCHAR(255) NOT NULL,
                `penulis` VARCHAR(255) NOT NULL,
                `penerbit` VARCHAR(255) NOT NULL,
                `tahun_terbit` YEAR NOT NULL,
                PRIMARY KEY (`id`)
            ) ENGINE=InnoDB DEFAULT CHARSET=utf8')
 4 APPPATH\Controllers\Buku.php(25): CodeIgniter\Database\BaseConnection->query('CREATE TABLE `buku` (
                `id` BIGINT UNSIGNED NOT NULL AUTO_INCREMENT,
                `judul` VARCHAR(255) NOT NULL,
                `penulis` VARCHAR(255) NOT NULL,
                `penerbit` VARCHAR(255) NOT NULL,
                `tahun_terbit` YEAR NOT NULL,
                PRIMARY KEY (`id`)
            ) ENGINE=InnoDB DEFAULT CHARSET=utf8')
 5 SYSTEMPATH\CodeIgniter.php(932): App\Controllers\Buku->index()
 6 SYSTEMPATH\CodeIgniter.php(497): CodeIgniter\CodeIgniter->runController(Object(App\Controllers\Buku))
 7 SYSTEMPATH\CodeIgniter.php(366): CodeIgniter\CodeIgniter->handleRequest(null, Object(Config\Cache), false)
 8 FCPATH\index.php(67): CodeIgniter\CodeIgniter->run()
 9 SYSTEMPATH\Commands\Server\rewrite.php(47): require_once('C:\\laprak basdat\\htdocs\\Praktikum_Web_2\\Modul 7\\PRAK 701\\public\\index.php')
INFO - 2026-06-09 14:48:45 --> Session: Class initialized using 'CodeIgniter\Session\Handlers\FileHandler' driver.
INFO - 2026-06-09 14:48:52 --> Session: Class initialized using 'CodeIgniter\Session\Handlers\FileHandler' driver.
INFO - 2026-06-09 14:49:46 --> Session: Class initialized using 'CodeIgniter\Session\Handlers\FileHandler' driver.
INFO - 2026-06-09 14:49:48 --> Session: Class initialized using 'CodeIgniter\Session\Handlers\FileHandler' driver.
INFO - 2026-06-09 14:49:50 --> Session: Class initialized using 'CodeIgniter\Session\Handlers\FileHandler' driver.
INFO - 2026-06-09 14:50:00 --> Session: Class initialized using 'CodeIgniter\Session\Handlers\FileHandler' driver.
INFO - 2026-06-09 14:50:07 --> Session: Class initialized using 'CodeIgniter\Session\Handlers\FileHandler' driver.
INFO - 2026-06-09 14:50:09 --> Session: Class initialized using 'CodeIgniter\Session\Handlers\FileHandler' driver.
INFO - 2026-06-09 14:50:11 --> Session: Class initialized using 'CodeIgniter\Session\Handlers\FileHandler' driver.
INFO - 2026-06-09 14:50:29 --> Session: Class initialized using 'CodeIgniter\Session\Handlers\FileHandler' driver.
ERROR - 2026-06-09 15:58:42 --> mysqli_sql_exception: Cannot add foreign key constraint in C:\laprak basdat\htdocs\Praktikum_Web_2\Modul 7\PRAK 701\system\Database\MySQLi\Connection.php:295
Stack trace:
#0 C:\laprak basdat\htdocs\Praktikum_Web_2\Modul 7\PRAK 701\system\Database\MySQLi\Connection.php(295): mysqli->query('CREATE TABLE `b...', 0)
#1 C:\laprak basdat\htdocs\Praktikum_Web_2\Modul 7\PRAK 701\system\Database\BaseConnection.php(692): CodeIgniter\Database\MySQLi\Connection->execute('CREATE TABLE `b...')
#2 C:\laprak basdat\htdocs\Praktikum_Web_2\Modul 7\PRAK 701\system\Database\BaseConnection.php(606): CodeIgniter\Database\BaseConnection->simpleQuery('CREATE TABLE `b...')
#3 C:\laprak basdat\htdocs\Praktikum_Web_2\Modul 7\PRAK 701\system\Database\Forge.php(546): CodeIgniter\Database\BaseConnection->query('CREATE TABLE `b...')
#4 C:\laprak basdat\htdocs\Praktikum_Web_2\Modul 7\PRAK 701\app\Database\Migrations\20260608000002_BuatTabelBuku.php(32): CodeIgniter\Database\Forge->createTable('buku')
#5 C:\laprak basdat\htdocs\Praktikum_Web_2\Modul 7\PRAK 701\system\Database\MigrationRunner.php(877): App\Database\Migrations\BuatTabelBuku->up()
#6 C:\laprak basdat\htdocs\Praktikum_Web_2\Modul 7\PRAK 701\system\Database\MigrationRunner.php(188): CodeIgniter\Database\MigrationRunner->migrate('up', Object(stdClass))
#7 C:\laprak basdat\htdocs\Praktikum_Web_2\Modul 7\PRAK 701\system\Commands\Database\Migrate.php(84): CodeIgniter\Database\MigrationRunner->latest(NULL)
#8 C:\laprak basdat\htdocs\Praktikum_Web_2\Modul 7\PRAK 701\system\CLI\Commands.php(65): CodeIgniter\Commands\Database\Migrate->run(Array)
#9 C:\laprak basdat\htdocs\Praktikum_Web_2\Modul 7\PRAK 701\system\CLI\Console.php(37): CodeIgniter\CLI\Commands->run('migrate', Array)
#10 C:\laprak basdat\htdocs\Praktikum_Web_2\Modul 7\PRAK 701\spark(97): CodeIgniter\CLI\Console->run()
#11 {main}
INFO - 2026-06-09 15:59:22 --> Session: Class initialized using 'CodeIgniter\Session\Handlers\FileHandler' driver.
INFO - 2026-06-09 15:59:37 --> Session: Class initialized using 'CodeIgniter\Session\Handlers\FileHandler' driver.
INFO - 2026-06-09 15:59:37 --> Session: Class initialized using 'CodeIgniter\Session\Handlers\FileHandler' driver.
INFO - 2026-06-09 16:03:07 --> Session: Class initialized using 'CodeIgniter\Session\Handlers\FileHandler' driver.
INFO - 2026-06-09 16:03:07 --> Session: Class initialized using 'CodeIgniter\Session\Handlers\FileHandler' driver.
INFO - 2026-06-09 16:03:23 --> Session: Class initialized using 'CodeIgniter\Session\Handlers\FileHandler' driver.
INFO - 2026-06-09 16:04:59 --> Session: Class initialized using 'CodeIgniter\Session\Handlers\FileHandler' driver.
INFO - 2026-06-09 16:05:00 --> Session: Class initialized using 'CodeIgniter\Session\Handlers\FileHandler' driver.
